14:05:54 **** Auto Build of configuration Debug for project port_game_mb ****
make all 
'Building file: ../src/game/wl_play.c'
'Invoking: MicroBlaze gcc compiler'
mb-gcc -Wall -O2 -c -fmessage-length=0 -MT"src/game/wl_play.o" -I../../port_game_mb_bsp/microblaze_0/include -I"F:\vivado_project\nexys_port_game_mb\nexys_port_game_mb.sdk\port_game_mb\src\sdl\include" -I"F:\vivado_project\nexys_port_game_mb\nexys_port_game_mb.sdk\port_game_mb\src\sdl" -I"F:\vivado_project\nexys_port_game_mb\nexys_port_game_mb.sdk\port_game_mb\src\game" -mlittle-endian -mxl-barrel-shift -mxl-pattern-compare -mno-xl-soft-div -mcpu=v11.0 -mno-xl-soft-mul -mhard-float -Wl,--no-relax -ffunction-sections -fdata-sections -MMD -MP -MF"src/game/wl_play.d" -MT"src/game/wl_play.o" -o "src/game/wl_play.o" "../src/game/wl_play.c"
../src/game/wl_play.c: In function 'PlayLoop':
../src/game/wl_play.c:1315:12: warning: passing argument 1 of 'memset' makes pointer from integer without a cast [-Wint-conversion]
     memset(Xil_In32(XPAR_AXI_BRAM_CTRL_0_S_AXI_BASEADDR+4), 0x33, 640*480*2);
            ^~~~~~~~~~~~~~~~~~~~~~~~~~~~~~~~~~~~~~~~~~~~~~~
In file included from ../../port_game_mb_bsp/microblaze_0/include/xil_printf.h:9,
                 from ../../port_game_mb_bsp/microblaze_0/include/xil_io.h:61,
                 from ../src/game/wl_def.h:7,
                 from ../src/game/wl_play.c:3:
d:\xilinx\vivado_2019\sdk\2019.1\gnu\microblaze\nt\microblaze-xilinx-elf\include\string.h:33:9: note: expected 'void *' but argument is of type 'u32' {aka 'long unsigned int'}
 void *  memset (void *, int, size_t);
         ^~~~~~
../src/game/wl_play.c:1316:12: warning: passing argument 1 of 'memset' makes pointer from integer without a cast [-Wint-conversion]
     memset(Xil_In32(XPAR_AXI_BRAM_CTRL_0_S_AXI_BASEADDR+8), 0x77, 640*480*2);
            ^~~~~~~~~~~~~~~~~~~~~~~~~~~~~~~~~~~~~~~~~~~~~~~
In file included from ../../port_game_mb_bsp/microblaze_0/include/xil_printf.h:9,
                 from ../../port_game_mb_bsp/microblaze_0/include/xil_io.h:61,
                 from ../src/game/wl_def.h:7,
                 from ../src/game/wl_play.c:3:
d:\xilinx\vivado_2019\sdk\2019.1\gnu\microblaze\nt\microblaze-xilinx-elf\include\string.h:33:9: note: expected 'void *' but argument is of type 'u32' {aka 'long unsigned int'}
 void *  memset (void *, int, size_t);
         ^~~~~~
'Finished building: ../src/game/wl_play.c'
' '
'Building target: port_game_mb.elf'
'Invoking: MicroBlaze gcc linker'
mb-gcc -Wl,-T -Wl,../src/lscript.ld -L../../port_game_mb_bsp/microblaze_0/lib -mlittle-endian -mxl-barrel-shift -mxl-pattern-compare -mno-xl-soft-div -mcpu=v11.0 -mno-xl-soft-mul -mhard-float -Wl,--no-relax -Wl,--gc-sections -o "port_game_mb.elf"  ./src/sdl/src/video/yuv2rgb/yuv_rgb.o  ./src/sdl/src/video/offscreen/SDL_offscreenevents.o ./src/sdl/src/video/offscreen/SDL_offscreenframebuffer.o ./src/sdl/src/video/offscreen/SDL_offscreenopengl.o ./src/sdl/src/video/offscreen/SDL_offscreenvideo.o ./src/sdl/src/video/offscreen/SDL_offscreenwindow.o  ./src/sdl/src/video/dummy/SDL_nullevents.o ./src/sdl/src/video/dummy/SDL_nullframebuffer.o ./src/sdl/src/video/dummy/SDL_nullvideo.o  ./src/sdl/src/video/SDL_RLEaccel.o ./src/sdl/src/video/SDL_blit.o ./src/sdl/src/video/SDL_blit_0.o ./src/sdl/src/video/SDL_blit_1.o ./src/sdl/src/video/SDL_blit_A.o ./src/sdl/src/video/SDL_blit_N.o ./src/sdl/src/video/SDL_blit_auto.o ./src/sdl/src/video/SDL_blit_copy.o ./src/sdl/src/video/SDL_blit_slow.o ./src/sdl/src/video/SDL_bmp.o ./src/sdl/src/video/SDL_clipboard.o ./src/sdl/src/video/SDL_egl.o ./src/sdl/src/video/SDL_fillrect.o ./src/sdl/src/video/SDL_pixels.o ./src/sdl/src/video/SDL_rect.o ./src/sdl/src/video/SDL_shape.o ./src/sdl/src/video/SDL_stretch.o ./src/sdl/src/video/SDL_surface.o ./src/sdl/src/video/SDL_video.o ./src/sdl/src/video/SDL_vulkan_utils.o ./src/sdl/src/video/SDL_yuv.o  ./src/sdl/src/timer/windows/SDL_systimer.o  ./src/sdl/src/timer/vita/SDL_systimer.o  ./src/sdl/src/timer/unix/SDL_systimer.o  ./src/sdl/src/timer/psp/SDL_systimer.o  ./src/sdl/src/timer/os2/SDL_systimer.o  ./src/sdl/src/timer/haiku/SDL_systimer.o  ./src/sdl/src/timer/dummy/SDL_systimer.o  ./src/sdl/src/timer/SDL_timer.o  ./src/sdl/src/thread/generic/SDL_syscond.o ./src/sdl/src/thread/generic/SDL_sysmutex.o ./src/sdl/src/thread/generic/SDL_syssem.o ./src/sdl/src/thread/generic/SDL_systhread.o ./src/sdl/src/thread/generic/SDL_systls.o  ./src/sdl/src/thread/SDL_thread.o  ./src/sdl/src/test/SDL_test_assert.o ./src/sdl/src/test/SDL_test_common.o ./src/sdl/src/test/SDL_test_compare.o ./src/sdl/src/test/SDL_test_crc32.o ./src/sdl/src/test/SDL_test_font.o ./src/sdl/src/test/SDL_test_fuzzer.o ./src/sdl/src/test/SDL_test_harness.o ./src/sdl/src/test/SDL_test_imageBlit.o ./src/sdl/src/test/SDL_test_imageBlitBlend.o ./src/sdl/src/test/SDL_test_imageFace.o ./src/sdl/src/test/SDL_test_imagePrimitives.o ./src/sdl/src/test/SDL_test_imagePrimitivesBlend.o ./src/sdl/src/test/SDL_test_log.o ./src/sdl/src/test/SDL_test_md5.o ./src/sdl/src/test/SDL_test_memory.o ./src/sdl/src/test/SDL_test_random.o  ./src/sdl/src/stdlib/SDL_crc32.o ./src/sdl/src/stdlib/SDL_getenv.o ./src/sdl/src/stdlib/SDL_iconv.o ./src/sdl/src/stdlib/SDL_malloc.o ./src/sdl/src/stdlib/SDL_qsort.o ./src/sdl/src/stdlib/SDL_stdlib.o ./src/sdl/src/stdlib/SDL_string.o ./src/sdl/src/stdlib/SDL_strtokr.o  ./src/sdl/src/render/vitagxm/SDL_render_vita_gxm.o ./src/sdl/src/render/vitagxm/SDL_render_vita_gxm_memory.o ./src/sdl/src/render/vitagxm/SDL_render_vita_gxm_tools.o  ./src/sdl/src/render/software/SDL_blendfillrect.o ./src/sdl/src/render/software/SDL_blendline.o ./src/sdl/src/render/software/SDL_blendpoint.o ./src/sdl/src/render/software/SDL_drawline.o ./src/sdl/src/render/software/SDL_drawpoint.o ./src/sdl/src/render/software/SDL_render_sw.o ./src/sdl/src/render/software/SDL_rotate.o ./src/sdl/src/render/software/SDL_triangle.o  ./src/sdl/src/render/psp/SDL_render_psp.o  ./src/sdl/src/render/opengles2/SDL_render_gles2.o ./src/sdl/src/render/opengles2/SDL_shaders_gles2.o  ./src/sdl/src/render/opengles/SDL_render_gles.o  ./src/sdl/src/render/opengl/SDL_render_gl.o ./src/sdl/src/render/opengl/SDL_shaders_gl.o  ./src/sdl/src/render/direct3d11/SDL_render_d3d11.o ./src/sdl/src/render/direct3d11/SDL_shaders_d3d11.o  ./src/sdl/src/render/direct3d/SDL_render_d3d.o ./src/sdl/src/render/direct3d/SDL_shaders_d3d.o  ./src/sdl/src/render/SDL_d3dmath.o ./src/sdl/src/render/SDL_render.o ./src/sdl/src/render/SDL_yuv_sw.o  ./src/sdl/src/power/windows/SDL_syspower.o  ./src/sdl/src/power/vita/SDL_syspower.o  ./src/sdl/src/power/psp/SDL_syspower.o  ./src/sdl/src/power/macosx/SDL_syspower.o  ./src/sdl/src/power/linux/SDL_syspower.o  ./src/sdl/src/power/haiku/SDL_syspower.o  ./src/sdl/src/power/emscripten/SDL_syspower.o  ./src/sdl/src/power/android/SDL_syspower.o  ./src/sdl/src/power/SDL_power.o  ./src/sdl/src/misc/dummy/SDL_sysurl.o  ./src/sdl/src/misc/SDL_url.o  ./src/sdl/src/main/dummy/SDL_dummy_main.o  ./src/sdl/src/locale/dummy/SDL_syslocale.o  ./src/sdl/src/locale/SDL_locale.o  ./src/sdl/src/loadso/dummy/SDL_sysloadso.o  ./src/sdl/src/libm/e_atan2.o ./src/sdl/src/libm/e_exp.o ./src/sdl/src/libm/e_fmod.o ./src/sdl/src/libm/e_log.o ./src/sdl/src/libm/e_log10.o ./src/sdl/src/libm/e_pow.o ./src/sdl/src/libm/e_rem_pio2.o ./src/sdl/src/libm/e_sqrt.o ./src/sdl/src/libm/k_cos.o ./src/sdl/src/libm/k_rem_pio2.o ./src/sdl/src/libm/k_sin.o ./src/sdl/src/libm/k_tan.o ./src/sdl/src/libm/s_atan.o ./src/sdl/src/libm/s_copysign.o ./src/sdl/src/libm/s_cos.o ./src/sdl/src/libm/s_fabs.o ./src/sdl/src/libm/s_floor.o ./src/sdl/src/libm/s_scalbn.o ./src/sdl/src/libm/s_sin.o ./src/sdl/src/libm/s_tan.o  ./src/sdl/src/filesystem/windows/SDL_sysfilesystem.o  ./src/sdl/src/filesystem/vita/SDL_sysfilesystem.o  ./src/sdl/src/filesystem/unix/SDL_sysfilesystem.o  ./src/sdl/src/filesystem/riscos/SDL_sysfilesystem.o  ./src/sdl/src/filesystem/psp/SDL_sysfilesystem.o  ./src/sdl/src/filesystem/os2/SDL_sysfilesystem.o  ./src/sdl/src/filesystem/nacl/SDL_sysfilesystem.o  ./src/sdl/src/filesystem/emscripten/SDL_sysfilesystem.o  ./src/sdl/src/filesystem/dummy/SDL_sysfilesystem.o  ./src/sdl/src/filesystem/android/SDL_sysfilesystem.o  ./src/sdl/src/file/SDL_rwops.o  ./src/sdl/src/events/SDL_clipboardevents.o ./src/sdl/src/events/SDL_displayevents.o ./src/sdl/src/events/SDL_dropevents.o ./src/sdl/src/events/SDL_events.o ./src/sdl/src/events/SDL_gesture.o ./src/sdl/src/events/SDL_keyboard.o ./src/sdl/src/events/SDL_mouse.o ./src/sdl/src/events/SDL_quit.o ./src/sdl/src/events/SDL_touch.o ./src/sdl/src/events/SDL_windowevents.o ./src/sdl/src/events/imKStoUCS.o  ./src/sdl/src/dynapi/SDL_dynapi.o  ./src/sdl/src/cpuinfo/SDL_cpuinfo.o  ./src/sdl/src/audio/winmm/SDL_winmm.o  ./src/sdl/src/audio/wasapi/SDL_wasapi.o ./src/sdl/src/audio/wasapi/SDL_wasapi_win32.o  ./src/sdl/src/audio/vita/SDL_vitaaudio.o  ./src/sdl/src/audio/sun/SDL_sunaudio.o  ./src/sdl/src/audio/sndio/SDL_sndioaudio.o  ./src/sdl/src/audio/qsa/SDL_qsa_audio.o  ./src/sdl/src/audio/pulseaudio/SDL_pulseaudio.o  ./src/sdl/src/audio/psp/SDL_pspaudio.o  ./src/sdl/src/audio/pipewire/SDL_pipewire.o  ./src/sdl/src/audio/paudio/SDL_paudio.o  ./src/sdl/src/audio/os2/SDL_os2audio.o  ./src/sdl/src/audio/openslES/SDL_openslES.o  ./src/sdl/src/audio/netbsd/SDL_netbsdaudio.o  ./src/sdl/src/audio/nas/SDL_nasaudio.o  ./src/sdl/src/audio/nacl/SDL_naclaudio.o  ./src/sdl/src/audio/jack/SDL_jackaudio.o  ./src/sdl/src/audio/fusionsound/SDL_fsaudio.o  ./src/sdl/src/audio/esd/SDL_esdaudio.o  ./src/sdl/src/audio/emscripten/SDL_emscriptenaudio.o  ./src/sdl/src/audio/dummy/SDL_dummyaudio.o  ./src/sdl/src/audio/dsp/SDL_dspaudio.o  ./src/sdl/src/audio/disk/SDL_diskaudio.o  ./src/sdl/src/audio/directsound/SDL_directsound.o  ./src/sdl/src/audio/arts/SDL_artsaudio.o  ./src/sdl/src/audio/android/SDL_androidaudio.o  ./src/sdl/src/audio/aaudio/SDL_aaudio.o  ./src/sdl/src/audio/SDL_audio.o ./src/sdl/src/audio/SDL_audiocvt.o ./src/sdl/src/audio/SDL_audiodev.o ./src/sdl/src/audio/SDL_audiotypecvt.o ./src/sdl/src/audio/SDL_mixer.o ./src/sdl/src/audio/SDL_wave.o  ./src/sdl/src/atomic/SDL_atomic.o ./src/sdl/src/atomic/SDL_spinlock.o  ./src/sdl/src/SDL.o ./src/sdl/src/SDL_assert.o ./src/sdl/src/SDL_dataqueue.o ./src/sdl/src/SDL_error.o ./src/sdl/src/SDL_hints.o ./src/sdl/src/SDL_list.o ./src/sdl/src/SDL_log.o  ./src/game/id_ca.o ./src/game/id_in.o ./src/game/id_pm.o ./src/game/id_sd.o ./src/game/id_us.o ./src/game/id_vh.o ./src/game/id_vl.o ./src/game/signon.o ./src/game/wl_act1.o ./src/game/wl_act2.o ./src/game/wl_agent.o ./src/game/wl_atmos.o ./src/game/wl_cloudsky.o ./src/game/wl_debug.o ./src/game/wl_draw.o ./src/game/wl_game.o ./src/game/wl_inter.o ./src/game/wl_main.o ./src/game/wl_menu.o ./src/game/wl_parallax.o ./src/game/wl_plane.o ./src/game/wl_play.o ./src/game/wl_scale.o ./src/game/wl_shade.o ./src/game/wl_state.o ./src/game/wl_text.o ./src/game/wl_utils.o  ./src/helloworld.o ./src/platform.o   -Wl,--start-group,-lxil,-lgcc,-lc,--end-group
'Finished building target: port_game_mb.elf'
' '
'Invoking: MicroBlaze Print Size'
mb-size port_game_mb.elf  |tee "port_game_mb.elf.size"
   text	   data	    bss	    dec	    hex	filename
2831980	  83324	128001464	130916768	7cda1a0	port_game_mb.elf
'Finished building: port_game_mb.elf.size'
' '

14:05:59 Build Finished (took 5s.237ms)

